[{"id":"abc123","name":"Michael Dyrynda","email":"michael@annature.test","number":"0400000000","timezone":"+10:30","role":"administrator","active":true,"groupId":null,"organisationId":"def456","created":{"date":"2024-03-15 22:21:30.000000","timezone_type":3,"timezone":"UTC"},"verified":{"date":"2024-03-15 22:21:57.000000","timezone_type":3,"timezone":"UTC"}}]