[{"id":"abc123","name":"document-to-sign-1C94fMmrGMFihGJYhq9LV3.pdf","message":"You have been sent an envelope to review and digitally sign.","status":"voided","created":"2024-03-15T22:56:14.000Z","sent":"2024-03-15T23:00:50.000Z","voided":"2024-03-15T23:03:21.000Z","declined":null,"completed":null,"original":null,"master":null,"certificate":null,"accountId":"def456","groupId":null,"recipients":[{"name":"Michael Dyrynda","email":"michael@annature.test","mobile":null,"type":"signer","status":"sent","message":null,"password":false,"muted":false,"order":1,"declinedReason":null,"created":"2024-03-15T22:56:14.000Z","sent":"2024-03-15T23:00:50.000Z","declined":null,"completed":null,"redirects":{"sessionCompleted":null,"sessionDeclined":null},"id":"ghi789"}],"metadata":[],"shared":false,"draft":null,"documents":null}]