{"id":"abc123","name":"My Test Envelope","message":"My test envelope message","status":"draft","shared":false,"created":"2024-03-17T00:19:02.000Z","sent":null,"voided":null,"declined":null,"completed":null,"master":null,"certificate":null,"accountId":"def456","groupId":null,"recipients":[{"id":"ghi789","name":"Michael Dyrynda","email":"michael@annature.test","mobile":null,"type":"signer","status":"created","message":null,"password":false,"muted":false,"order":1,"declined_reason":null,"created":"2024-03-17T00:19:02.000Z","sent":null,"declined":null,"completed":null,"redirects":{"session_completed":null,"session_declined":null}}],"metadata":[]}