{"id":"5f66f4705e35d5c49d2a7af7a896b8b4","type":"signature","page":1,"anchor":"{{signature}}","xCoordinate":150,"yCoordinate":400,"required":true,"readOnly":false,"collaborative":false,"value":"foo","checked":false,"height":30,"width":100,"options":[],"fontSize":12,"fontType":"courier","dateFormat":"DD\/MM\/YYYY","created":"2019-12-17T05:30:00.000Z"}