{"id":"7e8f68e4c6df9395cd7ff48d69d7e2c1","name":"Non disclosure agreement","message":"Lorem ipsum dolor sit amet.","status":"sent","shared":false,"created":{"date":"2019-12-17 05:30:00.000000","timezone_type":3,"timezone":"UTC"},"sent":{"date":"2019-12-17 05:30:00.000000","timezone_type":3,"timezone":"UTC"},"voided":{"date":"2019-12-17 05:30:00.000000","timezone_type":3,"timezone":"UTC"},"declined":{"date":"2019-12-17 05:30:00.000000","timezone_type":3,"timezone":"UTC"},"completed":{"date":"2019-12-17 05:30:00.000000","timezone_type":3,"timezone":"UTC"},"original":null,"master":"https:\/\/annature..","certificate":"https:\/\/annature..","accountId":"c64ce66b70b21c03bfd5dfa0ab14b730","groupId":"a5a885caee6286a54ad7bbd4ab5400e9","recipients":[],"metadata":[]}